<!DOCTYPE html><html lang="en"><head><meta charset="utf-8"><meta name="viewport" content="width=device-width, initial-scale=1.0"><meta name="generator" content="rustdoc"><meta name="description" content="Golden test data or Plutus V3 types (incomplete)"><title>plutus_ledger_api::goldens::v3 - Rust</title><script>if(window.location.protocol!=="file:")document.head.insertAdjacentHTML("beforeend","SourceSerif4-Regular-6b053e98.ttf.woff2,FiraSans-Italic-81dc35de.woff2,FiraSans-Regular-0fe48ade.woff2,FiraSans-MediumItalic-ccf7e434.woff2,FiraSans-Medium-e1aa3f0a.woff2,SourceCodePro-Regular-8badfe75.ttf.woff2,SourceCodePro-Semibold-aa29a496.ttf.woff2".split(",").map(f=>`<link rel="preload" as="font" type="font/woff2" crossorigin href="../../../static.files/${f}">`).join(""))</script><link rel="stylesheet" href="../../../static.files/normalize-9960930a.css"><link rel="stylesheet" href="../../../static.files/rustdoc-6c3ea77c.css"><meta name="rustdoc-vars" data-root-path="../../../" data-static-root-path="../../../static.files/" data-current-crate="plutus_ledger_api" data-themes="" data-resource-suffix="" data-rustdoc-version="1.86.0 (05f9846f8 2025-03-31)" data-channel="1.86.0" data-search-js="search-581efc7a.js" data-settings-js="settings-6dad6058.js" ><script src="../../../static.files/storage-3a5871a4.js"></script><script defer src="../sidebar-items.js"></script><script defer src="../../../static.files/main-4d63596a.js"></script><noscript><link rel="stylesheet" href="../../../static.files/noscript-893ab5e7.css"></noscript><link rel="alternate icon" type="image/png" href="../../../static.files/favicon-32x32-6580c154.png"><link rel="icon" type="image/svg+xml" href="../../../static.files/favicon-044be391.svg"></head><body class="rustdoc mod"><!--[if lte IE 11]><div class="warning">This old browser is unsupported and will most likely display funky things.</div><![endif]--><nav class="mobile-topbar"><button class="sidebar-menu-toggle" title="show sidebar"></button></nav><nav class="sidebar"><div class="sidebar-crate"><h2><a href="../../../plutus_ledger_api/index.html">plutus_<wbr>ledger_<wbr>api</a><span class="version">3.0.3</span></h2></div><div class="sidebar-elems"><section id="rustdoc-toc"><h2 class="location"><a href="#">Module v3</a></h2><h3><a href="#reexports">Module Items</a></h3><ul class="block"><li><a href="#reexports" title="Re-exports">Re-exports</a></li><li><a href="#functions" title="Functions">Functions</a></li></ul></section><div id="rustdoc-modnav"><h2><a href="../index.html">In plutus_<wbr>ledger_<wbr>api::<wbr>goldens</a></h2></div></div></nav><div class="sidebar-resizer"></div><main><div class="width-limiter"><rustdoc-search></rustdoc-search><section id="main-content" class="content"><div class="main-heading"><div class="rustdoc-breadcrumbs"><a href="../../index.html">plutus_ledger_api</a>::<wbr><a href="../index.html">goldens</a></div><h1>Module <span>v3</span><button id="copy-path" title="Copy item path to clipboard">Copy item path</button></h1><rustdoc-toolbar></rustdoc-toolbar><span class="sub-heading"><a class="src" href="../../../src/plutus_ledger_api/goldens/v3.rs.html#1-48">Source</a> </span></div><details class="toggle top-doc" open><summary class="hideme"><span>Expand description</span></summary><div class="docblock"><p>Golden test data or Plutus V3 types (incomplete)</p>
</div></details><h2 id="reexports" class="section-header">Re-exports<a href="#reexports" class="anchor">ยง</a></h2><dl class="item-table reexports"><dt id="reexport.sample_address"><code>pub use super::v2::<a class="fn" href="../v1/fn.sample_address.html" title="fn plutus_ledger_api::goldens::v1::sample_address">sample_address</a>;</code></dt><dt id="reexport.sample_asset_class"><code>pub use super::v2::<a class="fn" href="../v1/fn.sample_asset_class.html" title="fn plutus_ledger_api::goldens::v1::sample_asset_class">sample_asset_class</a>;</code></dt><dt id="reexport.sample_chain_pointer"><code>pub use super::v2::<a class="fn" href="../v1/fn.sample_chain_pointer.html" title="fn plutus_ledger_api::goldens::v1::sample_chain_pointer">sample_chain_pointer</a>;</code></dt><dt id="reexport.sample_credential"><code>pub use super::v2::<a class="fn" href="../v1/fn.sample_credential.html" title="fn plutus_ledger_api::goldens::v1::sample_credential">sample_credential</a>;</code></dt><dt id="reexport.sample_currency_symbol"><code>pub use super::v2::<a class="fn" href="../v1/fn.sample_currency_symbol.html" title="fn plutus_ledger_api::goldens::v1::sample_currency_symbol">sample_currency_symbol</a>;</code></dt><dt id="reexport.sample_datum"><code>pub use super::v2::<a class="fn" href="../v1/fn.sample_datum.html" title="fn plutus_ledger_api::goldens::v1::sample_datum">sample_datum</a>;</code></dt><dt id="reexport.sample_datum_hash"><code>pub use super::v2::<a class="fn" href="../v1/fn.sample_datum_hash.html" title="fn plutus_ledger_api::goldens::v1::sample_datum_hash">sample_datum_hash</a>;</code></dt><dt id="reexport.sample_dcert"><code>pub use super::v2::<a class="fn" href="../v1/fn.sample_dcert.html" title="fn plutus_ledger_api::goldens::v1::sample_dcert">sample_dcert</a>;</code></dt><dt id="reexport.sample_ed25519_pub_key_hash"><code>pub use super::v2::<a class="fn" href="../v1/fn.sample_ed25519_pub_key_hash.html" title="fn plutus_ledger_api::goldens::v1::sample_ed25519_pub_key_hash">sample_ed25519_pub_key_hash</a>;</code></dt><dt id="reexport.sample_output_datum"><code>pub use super::v2::<a class="fn" href="../v2/fn.sample_output_datum.html" title="fn plutus_ledger_api::goldens::v2::sample_output_datum">sample_output_datum</a>;</code></dt><dt id="reexport.sample_payment_pub_key_hash"><code>pub use super::v2::<a class="fn" href="../v1/fn.sample_payment_pub_key_hash.html" title="fn plutus_ledger_api::goldens::v1::sample_payment_pub_key_hash">sample_payment_pub_key_hash</a>;</code></dt><dt id="reexport.sample_plutus_data"><code>pub use super::v2::<a class="fn" href="../v1/fn.sample_plutus_data.html" title="fn plutus_ledger_api::goldens::v1::sample_plutus_data">sample_plutus_data</a>;</code></dt><dt id="reexport.sample_plutus_interval"><code>pub use super::v2::<a class="fn" href="../v1/fn.sample_plutus_interval.html" title="fn plutus_ledger_api::goldens::v1::sample_plutus_interval">sample_plutus_interval</a>;</code></dt><dt id="reexport.sample_redeemer"><code>pub use super::v2::<a class="fn" href="../v1/fn.sample_redeemer.html" title="fn plutus_ledger_api::goldens::v1::sample_redeemer">sample_redeemer</a>;</code></dt><dt id="reexport.sample_redeemer_hash"><code>pub use super::v2::<a class="fn" href="../v1/fn.sample_redeemer_hash.html" title="fn plutus_ledger_api::goldens::v1::sample_redeemer_hash">sample_redeemer_hash</a>;</code></dt><dt id="reexport.sample_script_hash"><code>pub use super::v2::<a class="fn" href="../v1/fn.sample_script_hash.html" title="fn plutus_ledger_api::goldens::v1::sample_script_hash">sample_script_hash</a>;</code></dt><dt id="reexport.sample_staking_credential"><code>pub use super::v2::<a class="fn" href="../v1/fn.sample_staking_credential.html" title="fn plutus_ledger_api::goldens::v1::sample_staking_credential">sample_staking_credential</a>;</code></dt><dt id="reexport.sample_token_name"><code>pub use super::v2::<a class="fn" href="../v1/fn.sample_token_name.html" title="fn plutus_ledger_api::goldens::v1::sample_token_name">sample_token_name</a>;</code></dt><dt id="reexport.sample_transaction_output"><code>pub use super::v2::<a class="fn" href="../v2/fn.sample_transaction_output.html" title="fn plutus_ledger_api::goldens::v2::sample_transaction_output">sample_transaction_output</a>;</code></dt><dt id="reexport.sample_value"><code>pub use super::v2::<a class="fn" href="../v1/fn.sample_value.html" title="fn plutus_ledger_api::goldens::v1::sample_value">sample_value</a>;</code></dt></dl><h2 id="functions" class="section-header">Functions<a href="#functions" class="anchor">ยง</a></h2><dl class="item-table"><dt><a class="fn" href="fn.sample_cold_committee_credential.html" title="fn plutus_ledger_api::goldens::v3::sample_cold_committee_credential">sample_<wbr>cold_<wbr>committee_<wbr>credential</a></dt><dt><a class="fn" href="fn.sample_drep_committee_credential.html" title="fn plutus_ledger_api::goldens::v3::sample_drep_committee_credential">sample_<wbr>drep_<wbr>committee_<wbr>credential</a></dt><dt><a class="fn" href="fn.sample_hot_committee_credential.html" title="fn plutus_ledger_api::goldens::v3::sample_hot_committee_credential">sample_<wbr>hot_<wbr>committee_<wbr>credential</a></dt><dt><a class="fn" href="fn.sample_transaction_hash.html" title="fn plutus_ledger_api::goldens::v3::sample_transaction_hash">sample_<wbr>transaction_<wbr>hash</a></dt><dt><a class="fn" href="fn.sample_transaction_input.html" title="fn plutus_ledger_api::goldens::v3::sample_transaction_input">sample_<wbr>transaction_<wbr>input</a></dt><dt><a class="fn" href="fn.sample_tx_in_info.html" title="fn plutus_ledger_api::goldens::v3::sample_tx_in_info">sample_<wbr>tx_<wbr>in_<wbr>info</a></dt></dl></section></div></main></body></html>