Bytes(
    [
        229,
        135,
        155,
    ],
)