Bytes(
    [
        83,
        111,
        109,
        101,
        116,
        104,
        105,
        110,
        103,
        115,
        111,
        109,
        101,
        116,
        104,
        105,
        110,
        103,
    ],
)