addr1yyqqqqqqqqqqqqqqqqqqqqqqqqqqqqqqqqqqqqqqqqqqqqqpqyqszqgpqyqszqgpqyqszqgpqyqszqgpqyqszqgpqyqs30w4fk