Constr(
    0,
    [
        Constr(
            0,
            [
                Bytes(
                    [
                        0,
                        0,
                        0,
                        0,
                        0,
                        0,
                        0,
                        0,
                        0,
                        0,
                        0,
                        0,
                        0,
                        0,
                        0,
                        0,
                        0,
                        0,
                        0,
                        0,
                        0,
                        0,
                        0,
                        0,
                        0,
                        0,
                        0,
                        0,
                    ],
                ),
            ],
        ),
        Constr(
            0,
            [
                Constr(
                    0,
                    [
                        Constr(
                            1,
                            [
                                Bytes(
                                    [
                                        1,
                                        1,
                                        1,
                                        1,
                                        1,
                                        1,
                                        1,
                                        1,
                                        1,
                                        1,
                                        1,
                                        1,
                                        1,
                                        1,
                                        1,
                                        1,
                                        1,
                                        1,
                                        1,
                                        1,
                                        1,
                                        1,
                                        1,
                                        1,
                                        1,
                                        1,
                                        1,
                                        1,
                                    ],
                                ),
                            ],
                        ),
                    ],
                ),
            ],
        ),
    ],
)