addr_test1yqqqqqqqqqqqqqqqqqqqqqqqqqqqqqqqqqqqqqqqqqqqqqqpqyqszqgpqyqszqgpqyqszqgpqyqszqgpqyqszqgpqyqsjen49f