01010101010101010101010101010101010101010101010101010101.536f6d657468696e67