234+123 01010101010101010101010101010101010101010101010101010101.Something