Map(
    [
        (
            Bytes(
                [],
            ),
            Map(
                [
                    (
                        Bytes(
                            [],
                        ),
                        Integer(
                            234,
                        ),
                    ),
                ],
            ),
        ),
        (
            Bytes(
                [
                    0,
                    0,
                    0,
                    0,
                    0,
                    0,
                    0,
                    0,
                    0,
                    0,
                    0,
                    0,
                    0,
                    0,
                    0,
                    0,
                    0,
                    0,
                    0,
                    0,
                    0,
                    0,
                    0,
                    0,
                    0,
                    0,
                    0,
                    0,
                ],
            ),
            Map(
                [
                    (
                        Bytes(
                            [
                                83,
                                111,
                                109,
                                101,
                                116,
                                104,
                                105,
                                110,
                                103,
                            ],
                        ),
                        Integer(
                            123,
                        ),
                    ),
                ],
            ),
        ),
    ],
)