 234+00000000000000000000000000000000000000000000000000000000.536f6d657468696e67 123