List([Integer(0), Integer(1), Integer(2), Integer(3), Integer(0), Integer(1), Integer(2), Integer(3), Integer(0), Integer(1), Integer(2), Integer(3), Integer(0), Integer(1), Integer(2), Integer(3), Integer(0), Integer(1), Integer(2), Integer(3), Integer(0), Integer(1), Integer(2), Integer(3), Integer(0), Integer(1), Integer(2), Integer(3), Integer(0), Integer(1), Integer(2), Integer(3), Integer(0), Integer(1), Integer(2), Integer(3), Integer(0), Integer(1), Integer(2), Integer(3), Integer(0), Integer(1), Integer(2), Integer(3), Integer(0), Integer(1), Integer(2), Integer(3), Integer(0), Integer(1), Integer(2), Integer(3), Integer(0), Integer(1), Integer(2), Integer(3), Integer(0), Integer(1), Integer(2), Integer(3), Integer(0), Integer(1), Integer(2), Integer(3), Integer(0), Integer(1), Integer(2), Integer(3), Integer(0), Integer(1), Integer(2), Integer(3), Integer(0), Integer(1), Integer(2), Integer(3), Integer(0), Integer(1), Integer(2), Integer(3)])