<!DOCTYPE html><html lang="en"><head><meta charset="utf-8"><meta name="viewport" content="width=device-width, initial-scale=1.0"><meta name="generator" content="rustdoc"><meta name="description" content="Golden test data or Plutus V1 types"><title>plutus_ledger_api::goldens::v1 - Rust</title><script>if(window.location.protocol!=="file:")document.head.insertAdjacentHTML("beforeend","SourceSerif4-Regular-46f98efaafac5295.ttf.woff2,FiraSans-Regular-018c141bf0843ffd.woff2,FiraSans-Medium-8f9a781e4970d388.woff2,SourceCodePro-Regular-562dcc5011b6de7d.ttf.woff2,SourceCodePro-Semibold-d899c5a5c4aeb14a.ttf.woff2".split(",").map(f=>`<link rel="preload" as="font" type="font/woff2" crossorigin href="../../../static.files/${f}">`).join(""))</script><link rel="stylesheet" href="../../../static.files/normalize-76eba96aa4d2e634.css"><link rel="stylesheet" href="../../../static.files/rustdoc-492a78a4a87dcc01.css"><meta name="rustdoc-vars" data-root-path="../../../" data-static-root-path="../../../static.files/" data-current-crate="plutus_ledger_api" data-themes="" data-resource-suffix="" data-rustdoc-version="1.82.0 (f6e511eec 2024-10-15)" data-channel="1.82.0" data-search-js="search-a99f1315e7cc5121.js" data-settings-js="settings-4313503d2e1961c2.js" ><script src="../../../static.files/storage-118b08c4c78b968e.js"></script><script defer src="../sidebar-items.js"></script><script defer src="../../../static.files/main-921df33f47b8780c.js"></script><noscript><link rel="stylesheet" href="../../../static.files/noscript-3b12f09e550e0385.css"></noscript><link rel="alternate icon" type="image/png" href="../../../static.files/favicon-32x32-422f7d1d52889060.png"><link rel="icon" type="image/svg+xml" href="../../../static.files/favicon-2c020d218678b618.svg"></head><body class="rustdoc mod"><!--[if lte IE 11]><div class="warning">This old browser is unsupported and will most likely display funky things.</div><![endif]--><nav class="mobile-topbar"><button class="sidebar-menu-toggle" title="show sidebar"></button></nav><nav class="sidebar"><div class="sidebar-crate"><h2><a href="../../../plutus_ledger_api/index.html">plutus_<wbr>ledger_<wbr>api</a><span class="version">3.0.1</span></h2></div><h2 class="location"><a href="#">Module v1</a></h2><div class="sidebar-elems"><section><ul class="block"><li><a href="#functions">Functions</a></li></ul></section><h2><a href="../index.html">In plutus_<wbr>ledger_<wbr>api::<wbr>goldens</a></h2></div></nav><div class="sidebar-resizer"></div><main><div class="width-limiter"><rustdoc-search></rustdoc-search><section id="main-content" class="content"><div class="main-heading"><h1>Module <a href="../../index.html">plutus_ledger_api</a>::<wbr><a href="../index.html">goldens</a>::<wbr><a class="mod" href="#">v1</a><button id="copy-path" title="Copy item path to clipboard">Copy item path</button></h1><span class="out-of-band"><a class="src" href="../../../src/plutus_ledger_api/goldens/v1.rs.html#1-157">source</a> · <button id="toggle-all-docs" title="collapse all docs">[<span>&#x2212;</span>]</button></span></div><details class="toggle top-doc" open><summary class="hideme"><span>Expand description</span></summary><div class="docblock"><p>Golden test data or Plutus V1 types</p>
</div></details><h2 id="functions" class="section-header">Functions<a href="#functions" class="anchor">§</a></h2><ul class="item-table"><li><div class="item-name"><a class="fn" href="fn.sample_address.html" title="fn plutus_ledger_api::goldens::v1::sample_address">sample_<wbr>address</a></div></li><li><div class="item-name"><a class="fn" href="fn.sample_asset_class.html" title="fn plutus_ledger_api::goldens::v1::sample_asset_class">sample_<wbr>asset_<wbr>class</a></div></li><li><div class="item-name"><a class="fn" href="fn.sample_chain_pointer.html" title="fn plutus_ledger_api::goldens::v1::sample_chain_pointer">sample_<wbr>chain_<wbr>pointer</a></div></li><li><div class="item-name"><a class="fn" href="fn.sample_credential.html" title="fn plutus_ledger_api::goldens::v1::sample_credential">sample_<wbr>credential</a></div></li><li><div class="item-name"><a class="fn" href="fn.sample_currency_symbol.html" title="fn plutus_ledger_api::goldens::v1::sample_currency_symbol">sample_<wbr>currency_<wbr>symbol</a></div></li><li><div class="item-name"><a class="fn" href="fn.sample_datum.html" title="fn plutus_ledger_api::goldens::v1::sample_datum">sample_<wbr>datum</a></div></li><li><div class="item-name"><a class="fn" href="fn.sample_datum_hash.html" title="fn plutus_ledger_api::goldens::v1::sample_datum_hash">sample_<wbr>datum_<wbr>hash</a></div></li><li><div class="item-name"><a class="fn" href="fn.sample_dcert.html" title="fn plutus_ledger_api::goldens::v1::sample_dcert">sample_<wbr>dcert</a></div></li><li><div class="item-name"><a class="fn" href="fn.sample_ed25519_pub_key_hash.html" title="fn plutus_ledger_api::goldens::v1::sample_ed25519_pub_key_hash">sample_<wbr>ed25519_<wbr>pub_<wbr>key_<wbr>hash</a></div></li><li><div class="item-name"><a class="fn" href="fn.sample_payment_pub_key_hash.html" title="fn plutus_ledger_api::goldens::v1::sample_payment_pub_key_hash">sample_<wbr>payment_<wbr>pub_<wbr>key_<wbr>hash</a></div></li><li><div class="item-name"><a class="fn" href="fn.sample_plutus_data.html" title="fn plutus_ledger_api::goldens::v1::sample_plutus_data">sample_<wbr>plutus_<wbr>data</a></div></li><li><div class="item-name"><a class="fn" href="fn.sample_plutus_interval.html" title="fn plutus_ledger_api::goldens::v1::sample_plutus_interval">sample_<wbr>plutus_<wbr>interval</a></div></li><li><div class="item-name"><a class="fn" href="fn.sample_redeemer.html" title="fn plutus_ledger_api::goldens::v1::sample_redeemer">sample_<wbr>redeemer</a></div></li><li><div class="item-name"><a class="fn" href="fn.sample_redeemer_hash.html" title="fn plutus_ledger_api::goldens::v1::sample_redeemer_hash">sample_<wbr>redeemer_<wbr>hash</a></div></li><li><div class="item-name"><a class="fn" href="fn.sample_script_context.html" title="fn plutus_ledger_api::goldens::v1::sample_script_context">sample_<wbr>script_<wbr>context</a></div></li><li><div class="item-name"><a class="fn" href="fn.sample_script_hash.html" title="fn plutus_ledger_api::goldens::v1::sample_script_hash">sample_<wbr>script_<wbr>hash</a></div></li><li><div class="item-name"><a class="fn" href="fn.sample_script_purpose.html" title="fn plutus_ledger_api::goldens::v1::sample_script_purpose">sample_<wbr>script_<wbr>purpose</a></div></li><li><div class="item-name"><a class="fn" href="fn.sample_staking_credential.html" title="fn plutus_ledger_api::goldens::v1::sample_staking_credential">sample_<wbr>staking_<wbr>credential</a></div></li><li><div class="item-name"><a class="fn" href="fn.sample_token_name.html" title="fn plutus_ledger_api::goldens::v1::sample_token_name">sample_<wbr>token_<wbr>name</a></div></li><li><div class="item-name"><a class="fn" href="fn.sample_transaction_hash.html" title="fn plutus_ledger_api::goldens::v1::sample_transaction_hash">sample_<wbr>transaction_<wbr>hash</a></div></li><li><div class="item-name"><a class="fn" href="fn.sample_transaction_info.html" title="fn plutus_ledger_api::goldens::v1::sample_transaction_info">sample_<wbr>transaction_<wbr>info</a></div></li><li><div class="item-name"><a class="fn" href="fn.sample_transaction_input.html" title="fn plutus_ledger_api::goldens::v1::sample_transaction_input">sample_<wbr>transaction_<wbr>input</a></div></li><li><div class="item-name"><a class="fn" href="fn.sample_transaction_output.html" title="fn plutus_ledger_api::goldens::v1::sample_transaction_output">sample_<wbr>transaction_<wbr>output</a></div></li><li><div class="item-name"><a class="fn" href="fn.sample_tx_in_info.html" title="fn plutus_ledger_api::goldens::v1::sample_tx_in_info">sample_<wbr>tx_<wbr>in_<wbr>info</a></div></li><li><div class="item-name"><a class="fn" href="fn.sample_value.html" title="fn plutus_ledger_api::goldens::v1::sample_value">sample_<wbr>value</a></div></li></ul></section></div></main></body></html>