<!DOCTYPE html><html lang="en"><head><meta charset="utf-8"><meta name="viewport" content="width=device-width, initial-scale=1.0"><meta name="generator" content="rustdoc"><meta name="description" content="Source of the Rust file `src/goldens/v1.rs`."><title>v1.rs - source</title><script>if(window.location.protocol!=="file:")document.head.insertAdjacentHTML("beforeend","SourceSerif4-Regular-6b053e98.ttf.woff2,FiraSans-Italic-81dc35de.woff2,FiraSans-Regular-0fe48ade.woff2,FiraSans-MediumItalic-ccf7e434.woff2,FiraSans-Medium-e1aa3f0a.woff2,SourceCodePro-Regular-8badfe75.ttf.woff2,SourceCodePro-Semibold-aa29a496.ttf.woff2".split(",").map(f=>`<link rel="preload" as="font" type="font/woff2" crossorigin href="../../../static.files/${f}">`).join(""))</script><link rel="stylesheet" href="../../../static.files/normalize-9960930a.css"><link rel="stylesheet" href="../../../static.files/rustdoc-916cea96.css"><meta name="rustdoc-vars" data-root-path="../../../" data-static-root-path="../../../static.files/" data-current-crate="plutus_ledger_api" data-themes="" data-resource-suffix="" data-rustdoc-version="1.87.0 (17067e9ac 2025-05-09)" data-channel="1.87.0" data-search-js="search-e7298875.js" data-settings-js="settings-d72f25bb.js" ><script src="../../../static.files/storage-82c7156e.js"></script><script defer src="../../../static.files/src-script-63605ae7.js"></script><script defer src="../../../src-files.js"></script><script defer src="../../../static.files/main-fb8c74a8.js"></script><noscript><link rel="stylesheet" href="../../../static.files/noscript-893ab5e7.css"></noscript><link rel="alternate icon" type="image/png" href="../../../static.files/favicon-32x32-6580c154.png"><link rel="icon" type="image/svg+xml" href="../../../static.files/favicon-044be391.svg"></head><body class="rustdoc src"><!--[if lte IE 11]><div class="warning">This old browser is unsupported and will most likely display funky things.</div><![endif]--><nav class="sidebar"><div class="src-sidebar-title"><h2>Files</h2></div></nav><div class="sidebar-resizer"></div><main><rustdoc-search></rustdoc-search><section id="main-content" class="content"><div class="main-heading"><h1><div class="sub-heading">plutus_ledger_api/goldens/</div>v1.rs</h1><rustdoc-toolbar></rustdoc-toolbar></div><div class="example-wrap digits-3"><pre class="rust"><code><a href=#1 id=1 data-nosnippet>1</a><span class="doccomment">//! Golden test data or Plutus V1 types
<a href=#2 id=2 data-nosnippet>2</a></span><span class="kw">use crate</span>::{
<a href=#3 id=3 data-nosnippet>3</a>    plutus_data::PlutusData,
<a href=#4 id=4 data-nosnippet>4</a>    v1::{
<a href=#5 id=5 data-nosnippet>5</a>        address::{Address, Credential, StakingCredential},
<a href=#6 id=6 data-nosnippet>6</a>        crypto::{Ed25519PubKeyHash, LedgerBytes, PaymentPubKeyHash},
<a href=#7 id=7 data-nosnippet>7</a>        datum::{Datum, DatumHash},
<a href=#8 id=8 data-nosnippet>8</a>        interval::{Interval, PlutusInterval},
<a href=#9 id=9 data-nosnippet>9</a>        redeemer::{Redeemer, RedeemerHash},
<a href=#10 id=10 data-nosnippet>10</a>        script::{MintingPolicyHash, ScriptHash, ValidatorHash},
<a href=#11 id=11 data-nosnippet>11</a>        transaction::{
<a href=#12 id=12 data-nosnippet>12</a>            DCert, POSIXTime, ScriptContext, ScriptPurpose, TransactionHash, TransactionInfo,
<a href=#13 id=13 data-nosnippet>13</a>            TransactionInput, TransactionOutput, TxInInfo,
<a href=#14 id=14 data-nosnippet>14</a>        },
<a href=#15 id=15 data-nosnippet>15</a>        value::{AssetClass, CurrencySymbol, TokenName, Value},
<a href=#16 id=16 data-nosnippet>16</a>    },
<a href=#17 id=17 data-nosnippet>17</a>    v2::address::{CertificateIndex, ChainPointer, Slot, TransactionIndex},
<a href=#18 id=18 data-nosnippet>18</a>};
<a href=#19 id=19 data-nosnippet>19</a><span class="kw">use </span>num_bigint::BigInt;
<a href=#20 id=20 data-nosnippet>20</a>
<a href=#21 id=21 data-nosnippet>21</a><span class="kw">pub fn </span>sample_script_hash() -&gt; ScriptHash {
<a href=#22 id=22 data-nosnippet>22</a>    ScriptHash(LedgerBytes([<span class="number">1</span>].repeat(<span class="number">28</span>).to_vec()))
<a href=#23 id=23 data-nosnippet>23</a>}
<a href=#24 id=24 data-nosnippet>24</a>
<a href=#25 id=25 data-nosnippet>25</a><span class="kw">pub fn </span>sample_currency_symbol() -&gt; CurrencySymbol {
<a href=#26 id=26 data-nosnippet>26</a>    CurrencySymbol::NativeToken(MintingPolicyHash(sample_script_hash()))
<a href=#27 id=27 data-nosnippet>27</a>}
<a href=#28 id=28 data-nosnippet>28</a>
<a href=#29 id=29 data-nosnippet>29</a><span class="kw">pub fn </span>sample_token_name() -&gt; TokenName {
<a href=#30 id=30 data-nosnippet>30</a>    TokenName::from_string(<span class="string">"Something"</span>).unwrap()
<a href=#31 id=31 data-nosnippet>31</a>}
<a href=#32 id=32 data-nosnippet>32</a>
<a href=#33 id=33 data-nosnippet>33</a><span class="kw">pub fn </span>sample_asset_class() -&gt; AssetClass {
<a href=#34 id=34 data-nosnippet>34</a>    AssetClass {
<a href=#35 id=35 data-nosnippet>35</a>        currency_symbol: sample_currency_symbol(),
<a href=#36 id=36 data-nosnippet>36</a>        token_name: sample_token_name(),
<a href=#37 id=37 data-nosnippet>37</a>    }
<a href=#38 id=38 data-nosnippet>38</a>}
<a href=#39 id=39 data-nosnippet>39</a>
<a href=#40 id=40 data-nosnippet>40</a><span class="kw">pub fn </span>sample_value() -&gt; Value {
<a href=#41 id=41 data-nosnippet>41</a>    Value::token_value(
<a href=#42 id=42 data-nosnippet>42</a>        <span class="kw-2">&amp;</span>sample_currency_symbol(),
<a href=#43 id=43 data-nosnippet>43</a>        <span class="kw-2">&amp;</span>sample_token_name(),
<a href=#44 id=44 data-nosnippet>44</a>        <span class="kw-2">&amp;</span>BigInt::from(<span class="number">123</span>),
<a href=#45 id=45 data-nosnippet>45</a>    ) + Value::ada_value(<span class="kw-2">&amp;</span>BigInt::from(<span class="number">234</span>))
<a href=#46 id=46 data-nosnippet>46</a>}
<a href=#47 id=47 data-nosnippet>47</a>
<a href=#48 id=48 data-nosnippet>48</a><span class="kw">pub fn </span>sample_plutus_interval() -&gt; PlutusInterval&lt;POSIXTime&gt; {
<a href=#49 id=49 data-nosnippet>49</a>    PlutusInterval::from(Interval::StartAt(POSIXTime(BigInt::from(<span class="number">1723106785</span>))))
<a href=#50 id=50 data-nosnippet>50</a>}
<a href=#51 id=51 data-nosnippet>51</a>
<a href=#52 id=52 data-nosnippet>52</a><span class="kw">pub fn </span>sample_ed25519_pub_key_hash() -&gt; Ed25519PubKeyHash {
<a href=#53 id=53 data-nosnippet>53</a>    Ed25519PubKeyHash(LedgerBytes([<span class="number">0</span>].repeat(<span class="number">28</span>).to_vec()))
<a href=#54 id=54 data-nosnippet>54</a>}
<a href=#55 id=55 data-nosnippet>55</a>
<a href=#56 id=56 data-nosnippet>56</a><span class="kw">pub fn </span>sample_credential() -&gt; Credential {
<a href=#57 id=57 data-nosnippet>57</a>    Credential::Script(ValidatorHash(sample_script_hash()))
<a href=#58 id=58 data-nosnippet>58</a>}
<a href=#59 id=59 data-nosnippet>59</a>
<a href=#60 id=60 data-nosnippet>60</a><span class="kw">pub fn </span>sample_staking_credential() -&gt; StakingCredential {
<a href=#61 id=61 data-nosnippet>61</a>    StakingCredential::Hash(sample_credential())
<a href=#62 id=62 data-nosnippet>62</a>}
<a href=#63 id=63 data-nosnippet>63</a>
<a href=#64 id=64 data-nosnippet>64</a><span class="kw">pub fn </span>sample_chain_pointer() -&gt; ChainPointer {
<a href=#65 id=65 data-nosnippet>65</a>    ChainPointer {
<a href=#66 id=66 data-nosnippet>66</a>        slot_number: Slot(<span class="number">134561</span>.into()),
<a href=#67 id=67 data-nosnippet>67</a>        transaction_index: TransactionIndex(<span class="number">4</span>.into()),
<a href=#68 id=68 data-nosnippet>68</a>        certificate_index: CertificateIndex(<span class="number">10</span>.into()),
<a href=#69 id=69 data-nosnippet>69</a>    }
<a href=#70 id=70 data-nosnippet>70</a>}
<a href=#71 id=71 data-nosnippet>71</a>
<a href=#72 id=72 data-nosnippet>72</a><span class="kw">pub fn </span>sample_address() -&gt; Address {
<a href=#73 id=73 data-nosnippet>73</a>    Address {
<a href=#74 id=74 data-nosnippet>74</a>        credential: Credential::PubKey(sample_ed25519_pub_key_hash()),
<a href=#75 id=75 data-nosnippet>75</a>        staking_credential: <span class="prelude-val">Some</span>(sample_staking_credential()),
<a href=#76 id=76 data-nosnippet>76</a>    }
<a href=#77 id=77 data-nosnippet>77</a>}
<a href=#78 id=78 data-nosnippet>78</a>
<a href=#79 id=79 data-nosnippet>79</a><span class="kw">pub fn </span>sample_transaction_hash() -&gt; TransactionHash {
<a href=#80 id=80 data-nosnippet>80</a>    TransactionHash(LedgerBytes([<span class="number">0</span>].repeat(<span class="number">32</span>).to_vec()))
<a href=#81 id=81 data-nosnippet>81</a>}
<a href=#82 id=82 data-nosnippet>82</a>
<a href=#83 id=83 data-nosnippet>83</a><span class="kw">pub fn </span>sample_transaction_input() -&gt; TransactionInput {
<a href=#84 id=84 data-nosnippet>84</a>    TransactionInput {
<a href=#85 id=85 data-nosnippet>85</a>        transaction_id: sample_transaction_hash(),
<a href=#86 id=86 data-nosnippet>86</a>        index: BigInt::from(<span class="number">3</span>),
<a href=#87 id=87 data-nosnippet>87</a>    }
<a href=#88 id=88 data-nosnippet>88</a>}
<a href=#89 id=89 data-nosnippet>89</a>
<a href=#90 id=90 data-nosnippet>90</a><span class="kw">pub fn </span>sample_datum_hash() -&gt; DatumHash {
<a href=#91 id=91 data-nosnippet>91</a>    DatumHash(LedgerBytes([<span class="number">0</span>].repeat(<span class="number">32</span>).to_vec()))
<a href=#92 id=92 data-nosnippet>92</a>}
<a href=#93 id=93 data-nosnippet>93</a>
<a href=#94 id=94 data-nosnippet>94</a><span class="kw">pub fn </span>sample_plutus_data() -&gt; PlutusData {
<a href=#95 id=95 data-nosnippet>95</a>    PlutusData::constr(<span class="number">1</span>, <span class="macro">vec!</span>[PlutusData::bytes(<span class="string">"Something"</span>.as_bytes().to_vec())])
<a href=#96 id=96 data-nosnippet>96</a>}
<a href=#97 id=97 data-nosnippet>97</a>
<a href=#98 id=98 data-nosnippet>98</a><span class="kw">pub fn </span>sample_datum() -&gt; Datum {
<a href=#99 id=99 data-nosnippet>99</a>    Datum(sample_plutus_data())
<a href=#100 id=100 data-nosnippet>100</a>}
<a href=#101 id=101 data-nosnippet>101</a>
<a href=#102 id=102 data-nosnippet>102</a><span class="kw">pub fn </span>sample_redeemer_hash() -&gt; RedeemerHash {
<a href=#103 id=103 data-nosnippet>103</a>    RedeemerHash(LedgerBytes([<span class="number">0</span>].repeat(<span class="number">32</span>).to_vec()))
<a href=#104 id=104 data-nosnippet>104</a>}
<a href=#105 id=105 data-nosnippet>105</a>
<a href=#106 id=106 data-nosnippet>106</a><span class="kw">pub fn </span>sample_redeemer() -&gt; Redeemer {
<a href=#107 id=107 data-nosnippet>107</a>    Redeemer(PlutusData::Integer(BigInt::from(<span class="number">144</span>)))
<a href=#108 id=108 data-nosnippet>108</a>}
<a href=#109 id=109 data-nosnippet>109</a>
<a href=#110 id=110 data-nosnippet>110</a><span class="kw">pub fn </span>sample_tx_in_info() -&gt; TxInInfo {
<a href=#111 id=111 data-nosnippet>111</a>    TxInInfo {
<a href=#112 id=112 data-nosnippet>112</a>        reference: sample_transaction_input(),
<a href=#113 id=113 data-nosnippet>113</a>        output: sample_transaction_output(),
<a href=#114 id=114 data-nosnippet>114</a>    }
<a href=#115 id=115 data-nosnippet>115</a>}
<a href=#116 id=116 data-nosnippet>116</a>
<a href=#117 id=117 data-nosnippet>117</a><span class="kw">pub fn </span>sample_transaction_output() -&gt; TransactionOutput {
<a href=#118 id=118 data-nosnippet>118</a>    TransactionOutput {
<a href=#119 id=119 data-nosnippet>119</a>        address: sample_address(),
<a href=#120 id=120 data-nosnippet>120</a>        value: sample_value(),
<a href=#121 id=121 data-nosnippet>121</a>        datum_hash: <span class="prelude-val">Some</span>(sample_datum_hash()),
<a href=#122 id=122 data-nosnippet>122</a>    }
<a href=#123 id=123 data-nosnippet>123</a>}
<a href=#124 id=124 data-nosnippet>124</a>
<a href=#125 id=125 data-nosnippet>125</a><span class="kw">pub fn </span>sample_payment_pub_key_hash() -&gt; PaymentPubKeyHash {
<a href=#126 id=126 data-nosnippet>126</a>    PaymentPubKeyHash(sample_ed25519_pub_key_hash())
<a href=#127 id=127 data-nosnippet>127</a>}
<a href=#128 id=128 data-nosnippet>128</a>
<a href=#129 id=129 data-nosnippet>129</a><span class="kw">pub fn </span>sample_script_purpose() -&gt; ScriptPurpose {
<a href=#130 id=130 data-nosnippet>130</a>    ScriptPurpose::Minting(sample_currency_symbol())
<a href=#131 id=131 data-nosnippet>131</a>}
<a href=#132 id=132 data-nosnippet>132</a>
<a href=#133 id=133 data-nosnippet>133</a><span class="kw">pub fn </span>sample_dcert() -&gt; DCert {
<a href=#134 id=134 data-nosnippet>134</a>    DCert::DelegDelegate(sample_staking_credential(), sample_payment_pub_key_hash())
<a href=#135 id=135 data-nosnippet>135</a>}
<a href=#136 id=136 data-nosnippet>136</a>
<a href=#137 id=137 data-nosnippet>137</a><span class="kw">pub fn </span>sample_transaction_info() -&gt; TransactionInfo {
<a href=#138 id=138 data-nosnippet>138</a>    TransactionInfo {
<a href=#139 id=139 data-nosnippet>139</a>        inputs: <span class="macro">vec!</span>[sample_tx_in_info()],
<a href=#140 id=140 data-nosnippet>140</a>        outputs: <span class="macro">vec!</span>[sample_transaction_output()],
<a href=#141 id=141 data-nosnippet>141</a>        fee: sample_value(),
<a href=#142 id=142 data-nosnippet>142</a>        mint: sample_value(),
<a href=#143 id=143 data-nosnippet>143</a>        d_cert: <span class="macro">vec!</span>[sample_dcert()],
<a href=#144 id=144 data-nosnippet>144</a>        wdrl: <span class="macro">vec!</span>[(sample_staking_credential(), BigInt::from(<span class="number">12</span>))],
<a href=#145 id=145 data-nosnippet>145</a>        valid_range: sample_plutus_interval(),
<a href=#146 id=146 data-nosnippet>146</a>        signatories: <span class="macro">vec!</span>[sample_payment_pub_key_hash()],
<a href=#147 id=147 data-nosnippet>147</a>        datums: <span class="macro">vec!</span>[(sample_datum_hash(), sample_datum())],
<a href=#148 id=148 data-nosnippet>148</a>        id: sample_transaction_hash(),
<a href=#149 id=149 data-nosnippet>149</a>    }
<a href=#150 id=150 data-nosnippet>150</a>}
<a href=#151 id=151 data-nosnippet>151</a>
<a href=#152 id=152 data-nosnippet>152</a><span class="kw">pub fn </span>sample_script_context() -&gt; ScriptContext {
<a href=#153 id=153 data-nosnippet>153</a>    ScriptContext {
<a href=#154 id=154 data-nosnippet>154</a>        tx_info: sample_transaction_info(),
<a href=#155 id=155 data-nosnippet>155</a>        purpose: sample_script_purpose(),
<a href=#156 id=156 data-nosnippet>156</a>    }
<a href=#157 id=157 data-nosnippet>157</a>}</code></pre></div></section></main></body></html>