<!DOCTYPE html><html lang="en"><head><meta charset="utf-8"><meta name="viewport" content="width=device-width, initial-scale=1.0"><meta name="generator" content="rustdoc"><meta name="description" content="Source of the Rust file `src/goldens/v2.rs`."><title>v2.rs - source</title><script>if(window.location.protocol!=="file:")document.head.insertAdjacentHTML("beforeend","SourceSerif4-Regular-6b053e98.ttf.woff2,FiraSans-Regular-0fe48ade.woff2,FiraSans-Medium-e1aa3f0a.woff2,SourceCodePro-Regular-8badfe75.ttf.woff2,SourceCodePro-Semibold-aa29a496.ttf.woff2".split(",").map(f=>`<link rel="preload" as="font" type="font/woff2" crossorigin href="../../../static.files/${f}">`).join(""))</script><link rel="stylesheet" href="../../../static.files/normalize-9960930a.css"><link rel="stylesheet" href="../../../static.files/rustdoc-46132b98.css"><meta name="rustdoc-vars" data-root-path="../../../" data-static-root-path="../../../static.files/" data-current-crate="plutus_ledger_api" data-themes="" data-resource-suffix="" data-rustdoc-version="1.85.1 (4eb161250 2025-03-15)" data-channel="1.85.1" data-search-js="search-75f5ac3e.js" data-settings-js="settings-0f613d39.js" ><script src="../../../static.files/storage-59e33391.js"></script><script defer src="../../../static.files/src-script-56102188.js"></script><script defer src="../../../src-files.js"></script><script defer src="../../../static.files/main-5f194d8c.js"></script><noscript><link rel="stylesheet" href="../../../static.files/noscript-893ab5e7.css"></noscript><link rel="alternate icon" type="image/png" href="../../../static.files/favicon-32x32-6580c154.png"><link rel="icon" type="image/svg+xml" href="../../../static.files/favicon-044be391.svg"></head><body class="rustdoc src"><!--[if lte IE 11]><div class="warning">This old browser is unsupported and will most likely display funky things.</div><![endif]--><nav class="sidebar"><div class="src-sidebar-title"><h2>Files</h2></div></nav><div class="sidebar-resizer"></div><main><rustdoc-search></rustdoc-search><section id="main-content" class="content"><div class="main-heading"><h1><div class="sub-heading">plutus_ledger_api/goldens/</div>v2.rs</h1><rustdoc-toolbar></rustdoc-toolbar></div><div class="example-wrap"><div data-nosnippet><pre class="src-line-numbers">
<a href="#1" id="1">1</a>
<a href="#2" id="2">2</a>
<a href="#3" id="3">3</a>
<a href="#4" id="4">4</a>
<a href="#5" id="5">5</a>
<a href="#6" id="6">6</a>
<a href="#7" id="7">7</a>
<a href="#8" id="8">8</a>
<a href="#9" id="9">9</a>
<a href="#10" id="10">10</a>
<a href="#11" id="11">11</a>
<a href="#12" id="12">12</a>
<a href="#13" id="13">13</a>
<a href="#14" id="14">14</a>
<a href="#15" id="15">15</a>
<a href="#16" id="16">16</a>
<a href="#17" id="17">17</a>
<a href="#18" id="18">18</a>
<a href="#19" id="19">19</a>
<a href="#20" id="20">20</a>
<a href="#21" id="21">21</a>
<a href="#22" id="22">22</a>
<a href="#23" id="23">23</a>
<a href="#24" id="24">24</a>
<a href="#25" id="25">25</a>
<a href="#26" id="26">26</a>
<a href="#27" id="27">27</a>
<a href="#28" id="28">28</a>
<a href="#29" id="29">29</a>
<a href="#30" id="30">30</a>
<a href="#31" id="31">31</a>
<a href="#32" id="32">32</a>
<a href="#33" id="33">33</a>
<a href="#34" id="34">34</a>
<a href="#35" id="35">35</a>
<a href="#36" id="36">36</a>
<a href="#37" id="37">37</a>
<a href="#38" id="38">38</a>
<a href="#39" id="39">39</a>
<a href="#40" id="40">40</a>
<a href="#41" id="41">41</a>
<a href="#42" id="42">42</a>
<a href="#43" id="43">43</a>
<a href="#44" id="44">44</a>
<a href="#45" id="45">45</a>
<a href="#46" id="46">46</a>
<a href="#47" id="47">47</a>
<a href="#48" id="48">48</a>
<a href="#49" id="49">49</a>
<a href="#50" id="50">50</a>
<a href="#51" id="51">51</a>
<a href="#52" id="52">52</a>
<a href="#53" id="53">53</a>
<a href="#54" id="54">54</a>
<a href="#55" id="55">55</a>
<a href="#56" id="56">56</a>
<a href="#57" id="57">57</a>
<a href="#58" id="58">58</a>
<a href="#59" id="59">59</a>
<a href="#60" id="60">60</a>
<a href="#61" id="61">61</a>
<a href="#62" id="62">62</a>
<a href="#63" id="63">63</a>
<a href="#64" id="64">64</a>
<a href="#65" id="65">65</a>
<a href="#66" id="66">66</a></pre></div><pre class="rust"><code><span class="doccomment">//! Golden test data or Plutus V2 types

</span><span class="kw">use </span>num_bigint::BigInt;

<span class="kw">pub use </span><span class="kw">super</span>::v1::{
    sample_address, sample_asset_class, sample_chain_pointer, sample_credential,
    sample_currency_symbol, sample_datum, sample_datum_hash, sample_dcert,
    sample_ed25519_pub_key_hash, sample_payment_pub_key_hash, sample_plutus_data,
    sample_plutus_interval, sample_redeemer, sample_redeemer_hash, sample_script_hash,
    sample_script_purpose, sample_staking_credential, sample_token_name, sample_transaction_hash,
    sample_transaction_input, sample_value,
};
<span class="kw">use </span><span class="kw">crate</span>::v2::{
    assoc_map::AssocMap,
    crypto::LedgerBytes,
    datum::OutputDatum,
    script::ScriptHash,
    transaction::{ScriptContext, TransactionInfo, TransactionOutput, TxInInfo},
};

<span class="kw">pub fn </span>sample_output_datum() -&gt; OutputDatum {
    OutputDatum::InlineDatum(<span class="kw">super</span>::v1::sample_datum())
}

<span class="kw">pub fn </span>sample_transaction_output() -&gt; TransactionOutput {
    TransactionOutput {
        address: <span class="kw">super</span>::v1::sample_address(),
        value: <span class="kw">super</span>::v1::sample_value(),
        datum: sample_output_datum(),
        reference_script: <span class="prelude-val">Some</span>(ScriptHash(LedgerBytes([<span class="number">0</span>].repeat(<span class="number">28</span>).to_vec()))),
    }
}

<span class="kw">pub fn </span>sample_tx_in_info() -&gt; TxInInfo {
    TxInInfo {
        reference: <span class="kw">super</span>::v1::sample_transaction_input(),
        output: sample_transaction_output(),
    }
}

<span class="kw">pub fn </span>sample_transaction_info() -&gt; TransactionInfo {
    TransactionInfo {
        inputs: <span class="macro">vec!</span>[sample_tx_in_info()],
        outputs: <span class="macro">vec!</span>[sample_transaction_output()],
        fee: <span class="kw">super</span>::v1::sample_value(),
        mint: <span class="kw">super</span>::v1::sample_value(),
        d_cert: <span class="macro">vec!</span>[<span class="kw">super</span>::v1::sample_dcert()],
        wdrl: AssocMap::from([(<span class="kw">super</span>::v1::sample_staking_credential(), BigInt::from(<span class="number">12</span>))]),
        valid_range: <span class="kw">super</span>::v1::sample_plutus_interval(),
        signatories: <span class="macro">vec!</span>[<span class="kw">super</span>::v1::sample_payment_pub_key_hash()],
        datums: AssocMap::from([(<span class="kw">super</span>::v1::sample_datum_hash(), <span class="kw">super</span>::v1::sample_datum())]),
        redeemers: AssocMap::from([(
            <span class="kw">super</span>::v1::sample_script_purpose(),
            <span class="kw">super</span>::v1::sample_redeemer(),
        )]),
        id: <span class="kw">super</span>::v1::sample_transaction_hash(),
        reference_inputs: <span class="macro">vec!</span>[sample_tx_in_info()],
    }
}

<span class="kw">pub fn </span>sample_script_context() -&gt; ScriptContext {
    ScriptContext {
        tx_info: sample_transaction_info(),
        purpose: <span class="kw">super</span>::v1::sample_script_purpose(),
    }
}
</code></pre></div></section></main></body></html>