<!DOCTYPE html><html lang="en"><head><meta charset="utf-8"><meta name="viewport" content="width=device-width, initial-scale=1.0"><meta name="generator" content="rustdoc"><meta name="description" content="Source of the Rust file `src/goldens/v3.rs`."><title>v3.rs - source</title><script>if(window.location.protocol!=="file:")document.head.insertAdjacentHTML("beforeend","SourceSerif4-Regular-6b053e98.ttf.woff2,FiraSans-Italic-81dc35de.woff2,FiraSans-Regular-0fe48ade.woff2,FiraSans-MediumItalic-ccf7e434.woff2,FiraSans-Medium-e1aa3f0a.woff2,SourceCodePro-Regular-8badfe75.ttf.woff2,SourceCodePro-Semibold-aa29a496.ttf.woff2".split(",").map(f=>`<link rel="preload" as="font" type="font/woff2" crossorigin href="../../../static.files/${f}">`).join(""))</script><link rel="stylesheet" href="../../../static.files/normalize-9960930a.css"><link rel="stylesheet" href="../../../static.files/rustdoc-84e720fa.css"><meta name="rustdoc-vars" data-root-path="../../../" data-static-root-path="../../../static.files/" data-current-crate="plutus_ledger_api" data-themes="" data-resource-suffix="" data-rustdoc-version="1.89.0 (29483883e 2025-08-04)" data-channel="1.89.0" data-search-js="search-92309212.js" data-settings-js="settings-5514c975.js" ><script src="../../../static.files/storage-4e99c027.js"></script><script defer src="../../../static.files/src-script-813739b1.js"></script><script defer src="../../../src-files.js"></script><script defer src="../../../static.files/main-fd3af306.js"></script><noscript><link rel="stylesheet" href="../../../static.files/noscript-32bb7600.css"></noscript><link rel="alternate icon" type="image/png" href="../../../static.files/favicon-32x32-6580c154.png"><link rel="icon" type="image/svg+xml" href="../../../static.files/favicon-044be391.svg"></head><body class="rustdoc src"><!--[if lte IE 11]><div class="warning">This old browser is unsupported and will most likely display funky things.</div><![endif]--><nav class="sidebar"><div class="src-sidebar-title"><h2>Files</h2></div></nav><div class="sidebar-resizer" title="Drag to resize sidebar"></div><main><rustdoc-search></rustdoc-search><section id="main-content" class="content"><div class="main-heading"><h1><div class="sub-heading">plutus_ledger_api/goldens/</div>v3.rs</h1><rustdoc-toolbar></rustdoc-toolbar></div><div class="example-wrap digits-2"><pre class="rust"><code><a href=#1 id=1 data-nosnippet>1</a><span class="doccomment">//! Golden test data or Plutus V3 types (incomplete)
<a href=#2 id=2 data-nosnippet>2</a></span><span class="kw">use </span>num_bigint::BigInt;
<a href=#3 id=3 data-nosnippet>3</a>
<a href=#4 id=4 data-nosnippet>4</a><span class="kw">pub use </span><span class="kw">super</span>::v2::{
<a href=#5 id=5 data-nosnippet>5</a>    sample_address, sample_asset_class, sample_chain_pointer, sample_credential,
<a href=#6 id=6 data-nosnippet>6</a>    sample_currency_symbol, sample_datum, sample_datum_hash, sample_dcert,
<a href=#7 id=7 data-nosnippet>7</a>    sample_ed25519_pub_key_hash, sample_output_datum, sample_payment_pub_key_hash,
<a href=#8 id=8 data-nosnippet>8</a>    sample_plutus_data, sample_plutus_interval, sample_redeemer, sample_redeemer_hash,
<a href=#9 id=9 data-nosnippet>9</a>    sample_script_hash, sample_staking_credential, sample_token_name, sample_transaction_output,
<a href=#10 id=10 data-nosnippet>10</a>    sample_value,
<a href=#11 id=11 data-nosnippet>11</a>};
<a href=#12 id=12 data-nosnippet>12</a><span class="kw">use </span><span class="kw">crate</span>::v3::{
<a href=#13 id=13 data-nosnippet>13</a>    crypto::LedgerBytes,
<a href=#14 id=14 data-nosnippet>14</a>    transaction::{
<a href=#15 id=15 data-nosnippet>15</a>        ColdCommitteeCredential, DRepCredential, HotCommitteeCredential, TransactionHash,
<a href=#16 id=16 data-nosnippet>16</a>        TransactionInput, TxInInfo,
<a href=#17 id=17 data-nosnippet>17</a>    },
<a href=#18 id=18 data-nosnippet>18</a>};
<a href=#19 id=19 data-nosnippet>19</a>
<a href=#20 id=20 data-nosnippet>20</a><span class="kw">pub fn </span>sample_transaction_hash() -&gt; TransactionHash {
<a href=#21 id=21 data-nosnippet>21</a>    TransactionHash(LedgerBytes([<span class="number">0</span>].repeat(<span class="number">32</span>).to_vec()))
<a href=#22 id=22 data-nosnippet>22</a>}
<a href=#23 id=23 data-nosnippet>23</a>
<a href=#24 id=24 data-nosnippet>24</a><span class="kw">pub fn </span>sample_transaction_input() -&gt; TransactionInput {
<a href=#25 id=25 data-nosnippet>25</a>    TransactionInput {
<a href=#26 id=26 data-nosnippet>26</a>        transaction_id: sample_transaction_hash(),
<a href=#27 id=27 data-nosnippet>27</a>        index: BigInt::from(<span class="number">3</span>),
<a href=#28 id=28 data-nosnippet>28</a>    }
<a href=#29 id=29 data-nosnippet>29</a>}
<a href=#30 id=30 data-nosnippet>30</a>
<a href=#31 id=31 data-nosnippet>31</a><span class="kw">pub fn </span>sample_tx_in_info() -&gt; TxInInfo {
<a href=#32 id=32 data-nosnippet>32</a>    TxInInfo {
<a href=#33 id=33 data-nosnippet>33</a>        reference: sample_transaction_input(),
<a href=#34 id=34 data-nosnippet>34</a>        output: sample_transaction_output(),
<a href=#35 id=35 data-nosnippet>35</a>    }
<a href=#36 id=36 data-nosnippet>36</a>}
<a href=#37 id=37 data-nosnippet>37</a>
<a href=#38 id=38 data-nosnippet>38</a><span class="kw">pub fn </span>sample_cold_committee_credential() -&gt; ColdCommitteeCredential {
<a href=#39 id=39 data-nosnippet>39</a>    ColdCommitteeCredential(sample_credential())
<a href=#40 id=40 data-nosnippet>40</a>}
<a href=#41 id=41 data-nosnippet>41</a>
<a href=#42 id=42 data-nosnippet>42</a><span class="kw">pub fn </span>sample_hot_committee_credential() -&gt; HotCommitteeCredential {
<a href=#43 id=43 data-nosnippet>43</a>    HotCommitteeCredential(sample_credential())
<a href=#44 id=44 data-nosnippet>44</a>}
<a href=#45 id=45 data-nosnippet>45</a>
<a href=#46 id=46 data-nosnippet>46</a><span class="kw">pub fn </span>sample_drep_committee_credential() -&gt; DRepCredential {
<a href=#47 id=47 data-nosnippet>47</a>    DRepCredential(sample_credential())
<a href=#48 id=48 data-nosnippet>48</a>}
<a href=#49 id=49 data-nosnippet>49</a>
<a href=#50 id=50 data-nosnippet>50</a><span class="comment">// TODO(szg251): Missing implementations
<a href=#51 id=51 data-nosnippet>51</a>// DRep
<a href=#52 id=52 data-nosnippet>52</a>// Delegatee
<a href=#53 id=53 data-nosnippet>53</a>// TxCert
<a href=#54 id=54 data-nosnippet>54</a>// Vote
<a href=#55 id=55 data-nosnippet>55</a>// Voter
<a href=#56 id=56 data-nosnippet>56</a>// GovernanceActionId
<a href=#57 id=57 data-nosnippet>57</a>// Committee
<a href=#58 id=58 data-nosnippet>58</a>// Constitution
<a href=#59 id=59 data-nosnippet>59</a>// ProtocolVersion
<a href=#60 id=60 data-nosnippet>60</a>// ChangedParameters
<a href=#61 id=61 data-nosnippet>61</a>// GovernanceAction
<a href=#62 id=62 data-nosnippet>62</a>// ProposalProcedure
<a href=#63 id=63 data-nosnippet>63</a>// ScriptPurpose
<a href=#64 id=64 data-nosnippet>64</a>// ScriptInfo
<a href=#65 id=65 data-nosnippet>65</a>// TransactionInfo
<a href=#66 id=66 data-nosnippet>66</a>// ScriptContext</span></code></pre></div></section></main></body></html>